// Jest Snapshot v1, https://goo.gl/fbAQLP

exports[`renders home template correctly 1`] = `
<div
  className="MuiBox-root css-0"
  data-testid="home-template"
>
  <div
    className="MuiBox-root css-waw6ev"
  >
    <div
      className="MuiGrid-root css-1gzqqop-MuiGrid-root"
    >
      <div
        className="MuiBox-root css-laq2i1"
      >
        <img
          data-testid="image"
          height="32px"
          src={
            {
              "process": [Function],
            }
          }
          width="32px"
        />
      </div>
      <a
        href="/"
        onClick={[Function]}
      >
        <div
          className="MuiBox-root css-laq2i1"
        >
          <div>
            <img
              alt="icon"
              className="css-1uu7u3w"
              data-testid="iconComponent"
              height="20px"
              src={
                {
                  "process": [Function],
                }
              }
              width="20px"
            />
          </div>
        </div>
      </a>
      <div
        className="MuiBox-root css-laq2i1"
      >
        <div>
          <img
            alt="icon"
            className="css-1mj0ve"
            data-testid="iconComponent"
            height="20px"
            src={
              {
                "process": [Function],
              }
            }
            width="auto"
          />
        </div>
      </div>
      <div
        className="MuiBox-root css-laq2i1"
      >
        <div>
          <img
            alt="icon"
            className="css-1mj0ve"
            data-testid="iconComponent"
            height="20px"
            src={
              {
                "process": [Function],
              }
            }
            width="auto"
          />
        </div>
      </div>
      <div
        className="MuiBox-root css-laq2i1"
      >
        <div>
          <img
            alt="icon"
            className="css-1mj0ve"
            data-testid="iconComponent"
            height="20px"
            src={
              {
                "process": [Function],
              }
            }
            width="auto"
          />
        </div>
      </div>
      <div
        className="MuiBox-root css-laq2i1"
      >
        <div>
          <img
            alt="icon"
            className="css-1mj0ve"
            data-testid="iconComponent"
            height="20px"
            src={
              {
                "process": [Function],
              }
            }
            width="auto"
          />
        </div>
      </div>
    </div>
  </div>
  <div
    className="MuiGrid-root MuiGrid-container MuiGrid-direction-xs-column css-6r5xil-MuiGrid-root"
  >
    <div
      className="MuiGrid-root MuiGrid-item css-4rmxrd-MuiGrid-root"
    >
      <div
        className="MuiBox-root css-138dc1c"
      >
        <div
          className="MuiGrid-root MuiGrid-container css-11lq3yg-MuiGrid-root"
        >
          <div
            className="MuiGrid-root MuiGrid-item MuiGrid-grid-xs-6 css-1osj8n2-MuiGrid-root"
          >
            <h6
              className="MuiTypography-root MuiTypography-h6 css-1xhej88-MuiTypography-root"
              data-testid="Hello"
            >
              TradePage
            </h6>
          </div>
          <div
            className="MuiGrid-root MuiGrid-container MuiGrid-item MuiGrid-wrap-xs-nowrap MuiGrid-grid-xs-6 css-19s4pri-MuiGrid-root"
          >
            <div
              className="MuiGrid-root MuiGrid-item css-13i4rnv-MuiGrid-root"
            >
              <button
                className="MuiButtonBase-root MuiButton-root MuiButton-contained MuiButton-containedPrimary MuiButton-sizeMedium MuiButton-containedSizeMedium MuiButton-root MuiButton-contained MuiButton-containedPrimary MuiButton-sizeMedium MuiButton-containedSizeMedium css-1retnad-MuiButtonBase-root-MuiButton-root"
                data-testid="button"
                disabled={false}
                onBlur={[Function]}
                onContextMenu={[Function]}
                onDragLeave={[Function]}
                onFocus={[Function]}
                onKeyDown={[Function]}
                onKeyUp={[Function]}
                onMouseDown={[Function]}
                onMouseLeave={[Function]}
                onMouseUp={[Function]}
                onTouchEnd={[Function]}
                onTouchMove={[Function]}
                onTouchStart={[Function]}
                tabIndex={0}
                type="button"
              >
                <span
                  className="MuiTypography-root MuiTypography-button css-11s3blp-MuiTypography-root"
                  data-testid="Hello"
                >
                  SELL
                </span>
              </button>
            </div>
            <div
              className="MuiGrid-root MuiGrid-item css-13i4rnv-MuiGrid-root"
            >
              <button
                className="MuiButtonBase-root MuiButton-root MuiButton-contained MuiButton-containedPrimary MuiButton-sizeMedium MuiButton-containedSizeMedium MuiButton-root MuiButton-contained MuiButton-containedPrimary MuiButton-sizeMedium MuiButton-containedSizeMedium css-nmgn3f-MuiButtonBase-root-MuiButton-root"
                data-testid="button"
                disabled={false}
                onBlur={[Function]}
                onClick={[Function]}
                onContextMenu={[Function]}
                onDragLeave={[Function]}
                onFocus={[Function]}
                onKeyDown={[Function]}
                onKeyUp={[Function]}
                onMouseDown={[Function]}
                onMouseLeave={[Function]}
                onMouseUp={[Function]}
                onTouchEnd={[Function]}
                onTouchMove={[Function]}
                onTouchStart={[Function]}
                tabIndex={0}
                type="button"
              >
                <span
                  className="MuiTypography-root MuiTypography-button css-11s3blp-MuiTypography-root"
                  data-testid="Hello"
                >
                  BUY
                </span>
              </button>
            </div>
            <hr
              className="MuiDivider-root MuiDivider-middle MuiDivider-vertical MuiDivider-flexItem css-16bghm4-MuiDivider-root"
            />
            <div
              className="MuiGrid-root MuiGrid-item css-ev762u-MuiGrid-root"
            >
              <div
                className="MuiGrid-root MuiGrid-container css-ljvmaf-MuiGrid-root"
              >
                <div
                  className="MuiGrid-root MuiGrid-item css-13i4rnv-MuiGrid-root"
                >
                  <div>
                    <div
                      className="MuiAvatar-root MuiAvatar-circular css-1azxqog-MuiAvatar-root"
                      data-testid="avatar"
                    >
                      <img
                        alt="Avatar"
                        className="MuiAvatar-img css-1pqm26d-MuiAvatar-img"
                        src={
                          {
                            "process": [Function],
                          }
                        }
                      />
                    </div>
                  </div>
                </div>
                <div
                  className="MuiGrid-root MuiGrid-item css-hhlda7-MuiGrid-root"
                >
                  <div>
                    <img
                      alt="icon"
                      className="css-12z3ws7"
                      data-testid="iconComponent"
                      height="13px"
                      src={
                        {
                          "process": [Function],
                        }
                      }
                      width="13px"
                    />
                  </div>
                </div>
              </div>
            </div>
          </div>
        </div>
      </div>
    </div>
    <div
      className="MuiGrid-root MuiGrid-item css-12fsxbk-MuiGrid-root"
    >
      <div
        style={
          {
            "height": "896px",
            "width": "1296px",
          }
        }
      >
        content
      </div>
    </div>
  </div>
  <div
    className="MuiBox-root css-vhpt6z"
  >
    <div
      className="MuiGrid-root MuiGrid-container css-1xut4gs-MuiGrid-root"
    >
      <div
        className="MuiGrid-root MuiGrid-item MuiGrid-grid-xs-6 css-1osj8n2-MuiGrid-root"
      >
        <div
          className="css-u10pvi-MuiStack-root"
        >
          <p
            className="MuiTypography-root MuiTypography-body2 css-9syhwr-MuiTypography-root"
            data-testid="Hello"
          >
            Dashboard
          </p>
          <p
            className="MuiTypography-root MuiTypography-body2 css-9syhwr-MuiTypography-root"
            data-testid="Hello"
          >
            Careers
          </p>
          <p
            className="MuiTypography-root MuiTypography-body2 css-9syhwr-MuiTypography-root"
            data-testid="Hello"
          >
            Legal & Privacy
          </p>
          <p
            className="MuiTypography-root MuiTypography-body2 css-1iykimn-MuiTypography-root"
            data-testid="Hello"
          >
            Â© 2021 Minet
          </p>
        </div>
      </div>
      <div
        className="MuiGrid-root MuiGrid-item MuiGrid-grid-xs-6 css-k97rmi-MuiGrid-root"
      >
        <div
          className="css-1lnp4wh-MuiStack-root"
        >
          <div
            className="MuiInputBase-root MuiOutlinedInput-root MuiInputBase-colorPrimary css-1oufaa8-MuiInputBase-root-MuiOutlinedInput-root-MuiSelect-root"
            onClick={[Function]}
          >
            <div
              aria-expanded="false"
              aria-haspopup="listbox"
              className="MuiSelect-select MuiSelect-outlined MuiInputBase-input MuiOutlinedInput-input css-11u53oe-MuiSelect-select-MuiInputBase-input-MuiOutlinedInput-input"
              onBlur={[Function]}
              onFocus={[Function]}
              onKeyDown={[Function]}
              onMouseDown={[Function]}
              role="button"
              tabIndex={0}
            >
              <p
                className="MuiTypography-root MuiTypography-body1 css-4umqm8-MuiTypography-root"
                data-testid="Hello"
              >
                English
              </p>
            </div>
            <input
              aria-hidden={true}
              className="MuiSelect-nativeInput css-yf8vq0-MuiSelect-nativeInput"
              onAnimationStart={[Function]}
              onChange={[Function]}
              tabIndex={-1}
              value="English"
            />
            <div
              className="MuiBox-root css-17t8bxi"
            >
              <div>
                <img
                  alt="icon"
                  className="css-12z3ws7"
                  data-testid="iconComponent"
                  height="13px"
                  src={
                    {
                      "process": [Function],
                    }
                  }
                  width="13px"
                />
              </div>
            </div>
            <fieldset
              aria-hidden={true}
              className="MuiOutlinedInput-notchedOutline css-1d3z3hw-MuiOutlinedInput-notchedOutline"
            >
              <legend
                className="css-ihdtdm"
              >
                <span
                  className="notranslate"
                >
                  â
                </span>
              </legend>
            </fieldset>
          </div>
          <button
            className="MuiButtonBase-root MuiButton-root MuiButton-outlined MuiButton-outlinedPrimary MuiButton-sizeMedium MuiButton-outlinedSizeMedium MuiButton-root MuiButton-outlined MuiButton-outlinedPrimary MuiButton-sizeMedium MuiButton-outlinedSizeMedium css-b63ts3-MuiButtonBase-root-MuiButton-root"
            data-testid="button"
            disabled={false}
            onBlur={[Function]}
            onContextMenu={[Function]}
            onDragLeave={[Function]}
            onFocus={[Function]}
            onKeyDown={[Function]}
            onKeyUp={[Function]}
            onMouseDown={[Function]}
            onMouseLeave={[Function]}
            onMouseUp={[Function]}
            onTouchEnd={[Function]}
            onTouchMove={[Function]}
            onTouchStart={[Function]}
            tabIndex={0}
            type="button"
          >
            NEED HELP
          </button>
        </div>
      </div>
    </div>
  </div>
</div>
`;
